INFO         | Android emulator version 37.1.11.0 (build_id 15917651) (CL:N/A)
INFO         | Graphics backend: gfxstream
INFO         | Found systemPath C:\Users\ITSupport\AppData\Local\Android\Sdk\system-images\android-37.1\google_apis_playstore_ps16k\x86_64\
INFO         | Guest usage of host flag 'VulkanVirtualQueue' will be ignored.
INFO         | Increasing RAM size to 4096MB
INFO         | IPv4 server found: 192.168.29.1
INFO         | Ignore IPv6 address: 4f:b975:6601:0:4f:b975:6601:0
INFO         | Ignore IPv6 address: 4f:b975:6601:0:4f:b975:6601:0
INFO         | Ignore IPv6 address: 4f:b975:6601:0:4f:b975:6601:0
INFO         | Ignore IPv6 address: f854:b975:6601:0:4f:b975:6601:0
INFO         | Ignore IPv6 address: f854:b975:6601:0:4f:b975:6601:0
INFO         | Ignore IPv6 address: f854:b975:6601:0:4f:b975:6601:0
INFO         | Ignore IPv6 address: 105b:b975:6601:0:4f:b975:6601:0
INFO         | Ignore IPv6 address: 105b:b975:6601:0:4f:b975:6601:0
INFO         | Ignore IPv6 address: 105b:b975:6601:0:4f:b975:6601:0
INFO         | Ignore IPv6 address: 206b:b975:6601:0:4f:b975:6601:0
INFO         | Ignore IPv6 address: 206b:b975:6601:0:4f:b975:6601:0
INFO         | Ignore IPv6 address: 206b:b975:6601:0:4f:b975:6601:0
INFO         | Ignore IPv6 address: 4071:b975:6601:0:4f:b975:6601:0
INFO         | Ignore IPv6 address: 4071:b975:6601:0:4f:b975:6601:0
INFO         | Ignore IPv6 address: 4071:b975:6601:0:4f:b975:6601:0
INFO         | Guest GLES Driver: Auto (ext controls)
INFO         | emuglConfig_get_vulkan_hardware_gpu_support_info: Found physical GPU 'Intel(R) UHD Graphics 620', type: VK_PHYSICAL_DEVICE_TYPE_INTEGRATED_GPU, apiVersion: 1.3.215, driverVersion: 0.404.2127

WARNING      | hasSufficientHostVulkanDriver: unsupported Vulkan API level (1.3.215, min required: 1.3.240, vendor: Intel(R) UHD Graphics 620)
INFO         | Host Vulkan driver is not supported.
INFO         | emuglConfig_init: vulkan_mode_selected:lavapipe gles_mode_selected:swiftshader
INFO         | Checking system compatibility:
INFO         |   Checking: hasCompatibleHypervisor
INFO         |      Ok: Hypervisor compatibility to run avd: `Pixel_10_Pro` are met
INFO         |   Checking: hasSufficientSystem
INFO         |      Warning: Suggested minimum system RAM to run avd 'Pixel_10_Pro' is 16384 MiB (available: 8070 MiB)
INFO         |   Checking: hasSufficientHwGpu
INFO         |      Ok: Hardware GPU compatibility checks are not required
INFO         |   Checking: hasSufficientDiskSpace
INFO         |      Ok: Disk space requirements to run avd: `Pixel_10_Pro` are met
USER_WARNING | Suggested minimum system RAM to run avd 'Pixel_10_Pro' is 16384 MiB (available: 8070 MiB).
INFO         | Critical: Failed to load opengl32sw (The specified module could not be found.) (:0, )
INFO         | Warning: Software OpenGL failed. Falling back to system OpenGL. (:0, )
INFO         | Storing crashdata in: C:\Users\ITSUPP~1\AppData\Local\Temp\\AndroidEmulator\emu-crash-37.1.11.db, detection is enabled for process: 16072
INFO         | Initializing gfxstream backend
INFO         | startOpenglesRendererImpl: gpu info
INFO         | GPU #1
  Make: 8086
  Model: Intel(R) UHD Graphics 620
  Device ID: 5917

INFO         | Vulkan 1.4 is not supported for the guest and won't be enabled
INFO         | Disabling implicit Vulkan layers to avoid compatibility issues. Set VK_LOADER_LAYERS_DISABLE manually to disable this behavior.
INFO         | initIcdPaths: ICD set to 'lavapipe', using Lavapipe ICD
INFO         | Setting ICD filenames for the loader = C:\Users\ITSupport\AppData\Local\Android\Sdk\emulator\lib64\vulkan\lvp_icd.json
INFO         | SharedLibrary::open for [C:\Users\ITSupport\AppData\Local\Android\Sdk\emulator\qemu\windows-x86_64\lib64\vulkan\vulkan-1.dll]
INFO         | SharedLibrary::open for [C:\Users\ITSupport\AppData\Local\Android\Sdk\emulator\lib64\vulkan\vulkan-1.dll]
INFO         | Added library: C:\Users\ITSupport\AppData\Local\Android\Sdk\emulator\lib64\vulkan\vulkan-1.dll
INFO         | Selecting Vulkan device: llvmpipe (LLVM 21.1.2, 256 bits), Version: 1.4.318
INFO         | Using Vulkan externalMemoryMode: HostAllocation for VkEmulation
INFO         | Initializing VkEmulation features:
INFO         |     glInteropSupported: false
INFO         |     useDeferredCommands: true
INFO         |     createResourceWithRequirements: true
INFO         |     useVulkanComposition: false
INFO         |     useVulkanNativeSwapchain: false
INFO         |     enable guestRenderDoc: false
INFO         |     ASTC LDR emulation mode: Gpu
INFO         |     enable ETC2 emulation: true
INFO         |     enable Ycbcr emulation: false
INFO         |     guestVulkanOnly: false
INFO         |     useDedicatedAllocations: false
INFO         |     guestVulkanMaxApiVersion: 1.3.0
INFO         |     enableProtectedMemoryEmulation: false
INFO         | Graphics Adapter Vendor Google (Google Inc.)
INFO         | Graphics Adapter Android Emulator OpenGL ES Translator (Google SwiftShader)
INFO         | Graphics API Version OpenGL ES 3.0 (OpenGL ES 3.0 SwiftShader 4.0.0.1)
INFO         | Graphics API Extensions GL_OES_EGL_sync GL_OES_EGL_image GL_OES_EGL_image_external GL_OES_depth24 GL_OES_depth32 GL_OES_element_index_uint GL_OES_texture_float GL_OES_texture_float_linear GL_OES_compressed_paletted_texture GL_OES_compressed_ETC1_RGB8_texture GL_OES_depth_texture GL_OES_texture_half_float GL_OES_texture_half_float_linear GL_OES_packed_depth_stencil GL_OES_vertex_half_float GL_OES_standard_derivatives GL_OES_texture_npot GL_OES_rgb8_rgba8 GL_EXT_color_buffer_float GL_EXT_color_buffer_half_float GL_EXT_texture_format_BGRA8888 GL_APPLE_texture_format_BGRA8888 
INFO         | Graphics Device Extensions N/A
INFO         | Disabling sparse binding feature support
INFO         | Sending adb public key [QAAAACPWLbF1dlMolHzQXQuh0eLZEnBf6E9NDNl8Ia0LBwEeOhgAUTfFey+TIEJl2yyeICyqCWQlFjngyCOeZWajjpZ8d9eH++L39x4M55AEyF2jucFVJnPWiLlomzCmg8WRwgM47yONUfzkCDFqAXe1+drjYtH4Jis+7QC3fBq2M+reKjcgWCQ49+0Ler9nKblfJh5kNkinzeQiex7Kk99dn8EFHb8AfH/tIOoMpC5NU+vQiX8e7EWZLaMno/34Lk/oRNq8II+fCM0otEPAyXoqXQe75z8rMU+QJhEu6fYudTguQExZ4wEfahN/2OopZNoRWosU5r8FZg6RWRrybEPN9FwkBBbtrYSSoGqan9K4K6RTF1P9YoVD8301rH/JiKpjyheBvoOQTlHwzObBWWlogZaqgqg1GBEB2zj5EHML45tv+KdpqLkavOMV+Dd3HRMpVjFPid7sxw+JazqZzoj/wI4vuE5rCAfqZieUBo4QnsfgAIeR4kl6n4CyffsCSb7Es8aqbmkOm2CT8EZJccSh1gsrX62lp+58CjASBUqoGxSL20gvIU7UgVqVwHyM1EaAM/gcPExFosQcaCHVmRPspopF8QPIlaiNdKTmcKPPqt9QB/VReTTmldPmIS68FKKrpEvR1iHxuSvbYIp3MaliMh2Frh+u/Fcpi8JFmjiEl+HRgJ0VTwEAAQA= @unknown]
INFO         | Userspace boot properties:
INFO         |   androidboot.boot_devices=pci0000:00/0000:00:03.0 pci0000:00/0000:00:06.0
INFO         |   androidboot.dalvik.vm.heapsize=576m
INFO         |   androidboot.debug.hwui.renderer=skiagl
INFO         |   androidboot.hardware=ranchu
INFO         |   androidboot.hardware.gltransport=pipe
INFO         |   androidboot.hardware.vulkan=ranchu
INFO         |   androidboot.logcat=*:V
INFO         |   androidboot.opengles.version=196608
INFO         |   androidboot.qemu=1
INFO         |   androidboot.qemu.adb.pubkey=QAAAACPWLbF1dlMolHzQXQuh0eLZEnBf6E9NDNl8Ia0LBwEeOhgAUTfFey+TIEJl2yyeICyqCWQlFjngyCOeZWajjpZ8d9eH++L39x4M55AEyF2jucFVJnPWiLlomzCmg8WRwgM47yONUfzkCDFqAXe1+drjYtH4Jis+7QC3fBq2M+reKjcgWCQ49+0Ler9nKblfJh5kNkinzeQiex7Kk99dn8EFHb8AfH/tIOoMpC5NU+vQiX8e7EWZLaMno/34Lk/oRNq8II+fCM0otEPAyXoqXQe75z8rMU+QJhEu6fYudTguQExZ4wEfahN/2OopZNoRWosU5r8FZg6RWRrybEPN9FwkBBbtrYSSoGqan9K4K6RTF1P9YoVD8301rH/JiKpjyheBvoOQTlHwzObBWWlogZaqgqg1GBEB2zj5EHML45tv+KdpqLkavOMV+Dd3HRMpVjFPid7sxw+JazqZzoj/wI4vuE5rCAfqZieUBo4QnsfgAIeR4kl6n4CyffsCSb7Es8aqbmkOm2CT8EZJccSh1gsrX62lp+58CjASBUqoGxSL20gvIU7UgVqVwHyM1EaAM/gcPExFosQcaCHVmRPspopF8QPIlaiNdKTmcKPPqt9QB/VReTTmldPmIS68FKKrpEvR1iHxuSvbYIp3MaliMh2Frh+u/Fcpi8JFmjiEl+HRgJ0VTwEAAQA= @unknown
INFO         |   androidboot.qemu.avd_name=Pixel_10_Pro
INFO         |   androidboot.qemu.camera_hq_edge_processing=0
INFO         |   androidboot.qemu.camera_protocol_ver=1
INFO         |   androidboot.qemu.cpuvulkan.version=4210688
INFO         |   androidboot.qemu.gltransport.drawFlushInterval=800
INFO         |   androidboot.qemu.gltransport.name=pipe
INFO         |   androidboot.qemu.hwcodec.avcdec=2
INFO         |   androidboot.qemu.hwcodec.hevcdec=2
INFO         |   androidboot.qemu.hwcodec.vpxdec=2
INFO         |   androidboot.qemu.settings.system.screen_off_timeout=2147483647
INFO         |   androidboot.qemu.skin=pixel_10_pro
INFO         |   androidboot.qemu.virtiowifi=1
INFO         |   androidboot.qemu.vsync=60
INFO         |   androidboot.serialno=EMULATOR37X1X11X0
INFO         |   androidboot.vbmeta.digest=f424461a0a397fda72fd179bc94e871022314ef1502d4ea1133175a87b4746ed
INFO         |   androidboot.vbmeta.hash_alg=sha256
INFO         |   androidboot.vbmeta.size=6720
INFO         |   androidboot.veritymode=enforcing
WHPX on Windows 10.0.26200 detected.
Windows Hypervisor Platform accelerator is operational
netsimd I 09-19 08:02:26.553 external/netsim+/rust/daemon/src\rust_main.rs:93 - netsim artifacts path: "C:\\Users\\ITSUPP~1\\AppData\\Local\\Temp\\netsimd"
netsimd I 09-19 08:02:26.554 external/netsim+/rust/daemon/src\rust_main.rs:96 - NetsimdArgs {
    fd_startup_str: None,
    no_cli_ui: true,
    no_web_ui: true,
    pcap: false,
    disable_address_reuse: false,
    hci_port: None,
    connector_instance: None,
    instance: None,
    logtostderr: false,
    dev: false,
    forward_host_mdns: false,
    vsock: None,
    config: None,
    host_dns: Some(
        "192.168.29.1,2405:201:4055:8::c0a8:1d01",
    ),
    http_proxy: None,
    wifi_tap: None,
    wifi: None,
    test_beacons: false,
    no_test_beacons: false,
    no_shutdown: false,
    verbose: false,
    version: false,
    debug: DebugArgs {
        debug_no_traffic: false,
        debug_no_network: false,
        debug_no_wmedium: false,
        debug_no_mdns_wmedium: false,
        debug_no_guest_to_host_mdns: false,
    },
    rssi: None,
}
INFO         | Monitoring duration of emulator setup.
WARNING      | The emulator now requires a signed jwt token for gRPC access! Use the -grpc flag if you really want an open unprotected grpc port
INFO         | Using security allow list from: C:\Users\ITSupport\AppData\Local\Android\Sdk\emulator\lib\emulator_access.json
INFO         | The active JSON Web Key Sets can be found here: C:\Users\ITSupport\AppData\Local\Temp\avd\running\16072\jwks\574d041f-11ff-4be0-8525-7abc93ad1e5a\active.jwk
INFO         | Scanning C:\Users\ITSupport\AppData\Local\Temp\avd\running\16072\jwks\574d041f-11ff-4be0-8525-7abc93ad1e5a for jwk keys.
INFO         | Started GRPC server at 127.0.0.1:8554, security: Local, auth: +token
INFO         | Advertising in: C:\Users\ITSupport\AppData\Local\Temp\avd\running\pid_16072.ini
INFO         | Activated packet streamer for uwb emulation
INFO         | Activated packet streamer for bluetooth emulation
INFO         | Successfully initialized netsim WiFi
INFO         | Setting display: 0 configuration to: 1280x2856, dpi: 480x480 
INFO         | setDisplayActiveConfig: id:0, 1280x2856
INFO         | Checking system compatibility:
INFO         |   Checking: hasCompatibleHypervisor
INFO         |      Ok: Hypervisor compatibility to run avd: `Pixel_10_Pro` are met
INFO         |   Checking: hasSufficientSystem
INFO         |      Warning: Suggested minimum system RAM to run avd 'Pixel_10_Pro' is 16384 MiB (available: 8070 MiB)
INFO         |   Checking: hasSufficientHwGpu
INFO         |      Ok: Hardware GPU compatibility checks are not required
INFO         |   Checking: hasSufficientDiskSpace
INFO         |      Ok: Disk space requirements to run avd: `Pixel_10_Pro` are met
WARNING      | getEnvironmentConfig: No environment config is provided
INFO         | getEnvironmentConfig: Using default virtual scene mode for the environment.
INFO         | getEnvironmentConfig: Using default configuration for mode mesh3d for the environment.
INFO         | Initializing a scene with mode: mesh3d, argument: Toren1BD.obj
INFO         | Loading snapshot 'default_boot'...
INFO         | Warning: QMetaObject::connectSlotsByName: No matching signal for on_rgbcSensorValueWidget_valueChanged() (:0, )
INFO         | Warning: QMetaObject::connectSlotsByName: No matching signal for on_posture_valueChanged(int) (:0, )
INFO         | TouchpadHolder: registering via hw_xr_led agent for instance=00000166173DB840
INFO         | Warning: QObject::connect: Cannot queue arguments of type 'std::vector<android::emulation::control::SnapshotInfo>'
(Make sure 'std::vector<android::emulation::control::SnapshotInfo>' is registered using qRegisterMetaType().) (:0, )
INFO         | AVD supportsNativeGLES=1, supportsGuestAngle=1
INFO         | Guest Angle is still unstable for API > 35.
INFO         | Created extended window in 907.849ms
INFO         | Successfully loaded snapshot 'default_boot' using 2118 ms
INFO         | Wait for emulator (pid 16072) 20 seconds to shutdown gracefully before kill;you can set environment variable ANDROID_EMULATOR_WAIT_TIME_BEFORE_KILL(in seconds) to change the default value (20 seconds)

INFO         | Saving with gfxstream=1
INFO         | Saving snapshot 'default_boot' using 1807 ms
pc_memory_init: above 4g size: 40000000
INFO         | removeScene: scene=0x16619d58f30
INFO         | removeAll
WARNING      | Netsim Wifi dns:///localhost:49656 is gone due to CANCELLED
